<html>
<body>
<pre>
<h1>µVision Build Log</h1>
<h2>Project:</h2>
C:\Keil\Lab15_SpaceInvaders\SpaceInvaders.uvproj
Project File Date:  <unknown>

<h2>Output:</h2>
Build target 'connectfour'
linking...
Program Size: Code=4314 RO-data=1574 RW-data=136 ZI-data=2096  
".\connectfour.axf" - 0 Error(s), 0 Warning(s).
</pre>
</body>
</html>

#177-D: variable "row" was declared but never referenced
        int row,col;
connectfour.c(89): warning:  #177-D: variable "col" was declared but never referenced
        int row,col;
connectfour.c: 2 warnings, 0 errors
linking...
Program Size: Code=4314 RO-data=1574 RW-data=136 ZI-data=2096  
".\connectfour.axf" - 0 Error(s), 2 Warning(s).
